To honour the JVM settings for this build a single-use Daemon process will be forked. For more on this, please refer to https://docs.gradle.org/9.4.1/userguide/gradle_daemon.html#sec:disabling_the_daemon in the Gradle documentation.
Daemon will be stopped at the end of the build 
> Task :compileJava UP-TO-DATE

> Task :buildFrontendCss

> crystal-production-website@1.0.0 build:css
> tailwindcss -i ./src/main/frontend/styles/global/global.css -o ./src/main/resources/static/css/global/global.css --minify


> Task :processResources UP-TO-DATE
> Task :classes UP-TO-DATE
> Task :resolveMainClassName UP-TO-DATE

> Task :bootRun

  .   ____          _            __ _ _
 /\\ / ___'_ __ _ _(_)_ __  __ _ \ \ \ \
( ( )\___ | '_ | '_| | '_ \/ _` | \ \ \ \
 \\/  ___)| |_)| | | | | || (_| |  ) ) ) )
  '  |____| .__|_| |_|_| |_\__, | / / / /
 =========|_|==============|___/=/_/_/_/

 :: Spring Boot ::               (v3.5.13)

2026-04-17T00:47:23.613+01:00  INFO 17308 --- [crystal-production-website] [  restartedMain] c.c.w.CrystalProductionApplication       : Starting CrystalProductionApplication using Java 25.0.2 with PID 17308 (G:\No OneDrive Work\My Website\Crystal Production\Crystal-Production\build\classes\java\main started by jhuds in G:\No OneDrive Work\My Website\Crystal Production\Crystal-Production)
2026-04-17T00:47:23.615+01:00  INFO 17308 --- [crystal-production-website] [  restartedMain] c.c.w.CrystalProductionApplication       : No active profile set, falling back to 1 default profile: "default"
2026-04-17T00:47:23.650+01:00  INFO 17308 --- [crystal-production-website] [  restartedMain] .e.DevToolsPropertyDefaultsPostProcessor : Devtools property defaults active! Set 'spring.devtools.add-properties' to 'false' to disable
2026-04-17T00:47:23.650+01:00  INFO 17308 --- [crystal-production-website] [  restartedMain] .e.DevToolsPropertyDefaultsPostProcessor : For additional web related logging consider setting the 'logging.level.web' property to 'DEBUG'
2026-04-17T00:47:24.158+01:00  INFO 17308 --- [crystal-production-website] [  restartedMain] o.s.b.w.embedded.tomcat.TomcatWebServer  : Tomcat initialized with port 8082 (http)
2026-04-17T00:47:24.167+01:00  INFO 17308 --- [crystal-production-website] [  restartedMain] o.apache.catalina.core.StandardService   : Starting service [Tomcat]
2026-04-17T00:47:24.167+01:00  INFO 17308 --- [crystal-production-website] [  restartedMain] o.apache.catalina.core.StandardEngine    : Starting Servlet engine: [Apache Tomcat/10.1.53]
2026-04-17T00:47:24.201+01:00  INFO 17308 --- [crystal-production-website] [  restartedMain] o.a.c.c.C.[Tomcat].[localhost].[/]       : Initializing Spring embedded WebApplicationContext
2026-04-17T00:47:24.201+01:00  INFO 17308 --- [crystal-production-website] [  restartedMain] w.s.c.ServletWebServerApplicationContext : Root WebApplicationContext: initialization completed in 551 ms
2026-04-17T00:47:24.438+01:00  WARN 17308 --- [crystal-production-website] [  restartedMain] o.s.b.d.a.OptionalLiveReloadServer       : Unable to start LiveReload server
2026-04-17T00:47:24.464+01:00  INFO 17308 --- [crystal-production-website] [  restartedMain] o.s.b.w.embedded.tomcat.TomcatWebServer  : Tomcat started on port 8082 (http) with context path '/'
2026-04-17T00:47:24.470+01:00  INFO 17308 --- [crystal-production-website] [  restartedMain] c.c.w.CrystalProductionApplication       : Started CrystalProductionApplication in 1.091 seconds (process running for 1.388)
2026-04-17T00:47:35.792+01:00  INFO 17308 --- [crystal-production-website] [nio-8082-exec-1] o.a.c.c.C.[Tomcat].[localhost].[/]       : Initializing Spring DispatcherServlet 'dispatcherServlet'
2026-04-17T00:47:35.792+01:00  INFO 17308 --- [crystal-production-website] [nio-8082-exec-1] o.s.web.servlet.DispatcherServlet        : Initializing Servlet 'dispatcherServlet'
2026-04-17T00:47:35.794+01:00  INFO 17308 --- [crystal-production-website] [nio-8082-exec-1] o.s.web.servlet.DispatcherServlet        : Completed initialization in 0 ms

> Task :bootRun FAILED
5 actionable tasks: 2 executed, 3 up-to-date
