To honour the JVM settings for this build a single-use Daemon process will be forked. For more on this, please refer to https://docs.gradle.org/9.4.1/userguide/gradle_daemon.html#sec:disabling_the_daemon in the Gradle documentation.
Daemon will be stopped at the end of the build 
> Task :compileJava UP-TO-DATE

> Task :buildFrontendCss

> crystal-production-website@1.0.0 build:css
> tailwindcss -i ./src/main/frontend/styles/global/global.css -o ./src/main/resources/static/css/global/global.css --minify


> Task :processResources
> Task :classes
> Task :resolveMainClassName

> Task :bootRun

  .   ____          _            __ _ _
 /\\ / ___'_ __ _ _(_)_ __  __ _ \ \ \ \
( ( )\___ | '_ | '_| | '_ \/ _` | \ \ \ \
 \\/  ___)| |_)| | | | | || (_| |  ) ) ) )
  '  |____| .__|_| |_|_| |_\__, | / / / /
 =========|_|==============|___/=/_/_/_/

 :: Spring Boot ::               (v3.5.13)

2026-04-17T00:46:57.691+01:00  INFO 14816 --- [crystal-production-website] [  restartedMain] c.c.w.CrystalProductionApplication       : Starting CrystalProductionApplication using Java 25.0.2 with PID 14816 (G:\No OneDrive Work\My Website\Crystal Production\Crystal-Production\build\classes\java\main started by jhuds in G:\No OneDrive Work\My Website\Crystal Production\Crystal-Production)
2026-04-17T00:46:57.693+01:00  INFO 14816 --- [crystal-production-website] [  restartedMain] c.c.w.CrystalProductionApplication       : No active profile set, falling back to 1 default profile: "default"
2026-04-17T00:46:57.720+01:00  INFO 14816 --- [crystal-production-website] [  restartedMain] .e.DevToolsPropertyDefaultsPostProcessor : Devtools property defaults active! Set 'spring.devtools.add-properties' to 'false' to disable
2026-04-17T00:46:57.721+01:00  INFO 14816 --- [crystal-production-website] [  restartedMain] .e.DevToolsPropertyDefaultsPostProcessor : For additional web related logging consider setting the 'logging.level.web' property to 'DEBUG'
2026-04-17T00:46:58.256+01:00  INFO 14816 --- [crystal-production-website] [  restartedMain] o.s.b.w.embedded.tomcat.TomcatWebServer  : Tomcat initialized with port 8081 (http)
2026-04-17T00:46:58.266+01:00  INFO 14816 --- [crystal-production-website] [  restartedMain] o.apache.catalina.core.StandardService   : Starting service [Tomcat]
2026-04-17T00:46:58.268+01:00  INFO 14816 --- [crystal-production-website] [  restartedMain] o.apache.catalina.core.StandardEngine    : Starting Servlet engine: [Apache Tomcat/10.1.53]
2026-04-17T00:46:58.313+01:00  INFO 14816 --- [crystal-production-website] [  restartedMain] o.a.c.c.C.[Tomcat].[localhost].[/]       : Initializing Spring embedded WebApplicationContext
2026-04-17T00:46:58.313+01:00  INFO 14816 --- [crystal-production-website] [  restartedMain] w.s.c.ServletWebServerApplicationContext : Root WebApplicationContext: initialization completed in 592 ms
2026-04-17T00:46:58.567+01:00  WARN 14816 --- [crystal-production-website] [  restartedMain] o.s.b.d.a.OptionalLiveReloadServer       : Unable to start LiveReload server
2026-04-17T00:46:58.577+01:00  WARN 14816 --- [crystal-production-website] [  restartedMain] ConfigServletWebServerApplicationContext : Exception encountered during context initialization - cancelling refresh attempt: org.springframework.context.ApplicationContextException: Failed to start bean 'webServerStartStop'
2026-04-17T00:46:58.587+01:00  INFO 14816 --- [crystal-production-website] [  restartedMain] .s.b.a.l.ConditionEvaluationReportLogger : 

Error starting ApplicationContext. To display the condition evaluation report re-run your application with 'debug' enabled.
2026-04-17T00:46:58.597+01:00 ERROR 14816 --- [crystal-production-website] [  restartedMain] o.s.b.d.LoggingFailureAnalysisReporter   : 

***************************
APPLICATION FAILED TO START
***************************

Description:

Web server failed to start. Port 8081 was already in use.

Action:

Identify and stop the process that's listening on port 8081 or configure this application to listen on another port.


BUILD SUCCESSFUL in 11s
5 actionable tasks: 4 executed, 1 up-to-date
Consider enabling configuration cache to speed up this build: https://docs.gradle.org/9.4.1/userguide/configuration_cache_enabling.html
