Downloading https://services.gradle.org/distributions/gradle-9.4.1-bin.zip
.............10%.............20%.............30%.............40%.............50%.............60%..............70%.............80%.............90%.............100%

Welcome to Gradle 9.4.1!

Here are the highlights of this release:
 - Java 26 support
 - Non-class-based JVM tests
 - Enhanced console progress bar

For more details see https://docs.gradle.org/9.4.1/release-notes.html

Starting a Gradle Daemon (subsequent builds will be faster)
> Task :compileJava
> Task :installFrontend SKIPPED
> Task :buildFrontend SKIPPED
> Task :processResources
> Task :classes
> Task :resolveMainClassName

> Task :bootRun

  .   ____          _            __ _ _
 /\\ / ___'_ __ _ _(_)_ __  __ _ \ \ \ \
( ( )\___ | '_ | '_| | '_ \/ _` | \ \ \ \
 \\/  ___)| |_)| | | | | || (_| |  ) ) ) )
  '  |____| .__|_| |_|_| |_\__, | / / / /
 =========|_|==============|___/=/_/_/_/

 :: Spring Boot ::               (v3.5.14)

2026-07-05T14:36:04.970+01:00  INFO 2600 --- [crystal-power-website] [  restartedMain] c.c.website.CrystalPowerApplication      : Starting CrystalPowerApplication using Java 17.0.19 with PID 2600 (C:\Visual Studio\Crystal Powers\Crystal-Powers\build\classes\java\main started by marty in C:\Visual Studio\Crystal Powers\Crystal-Powers)
2026-07-05T14:36:04.976+01:00  INFO 2600 --- [crystal-power-website] [  restartedMain] c.c.website.CrystalPowerApplication      : No active profile set, falling back to 1 default profile: "default"
2026-07-05T14:36:05.083+01:00  INFO 2600 --- [crystal-power-website] [  restartedMain] .e.DevToolsPropertyDefaultsPostProcessor : Devtools property defaults active! Set 'spring.devtools.add-properties' to 'false' to disable
2026-07-05T14:36:05.084+01:00  INFO 2600 --- [crystal-power-website] [  restartedMain] .e.DevToolsPropertyDefaultsPostProcessor : For additional web related logging consider setting the 'logging.level.web' property to 'DEBUG'
2026-07-05T14:36:06.996+01:00  INFO 2600 --- [crystal-power-website] [  restartedMain] o.s.b.w.embedded.tomcat.TomcatWebServer  : Tomcat initialized with port 8080 (http)
2026-07-05T14:36:07.019+01:00  INFO 2600 --- [crystal-power-website] [  restartedMain] o.apache.catalina.core.StandardService   : Starting service [Tomcat]
2026-07-05T14:36:07.019+01:00  INFO 2600 --- [crystal-power-website] [  restartedMain] o.apache.catalina.core.StandardEngine    : Starting Servlet engine: [Apache Tomcat/10.1.54]
2026-07-05T14:36:07.068+01:00  INFO 2600 --- [crystal-power-website] [  restartedMain] o.a.c.c.C.[Tomcat].[localhost].[/]       : Initializing Spring embedded WebApplicationContext
2026-07-05T14:36:07.070+01:00  INFO 2600 --- [crystal-power-website] [  restartedMain] w.s.c.ServletWebServerApplicationContext : Root WebApplicationContext: initialization completed in 1984 ms
2026-07-05T14:36:07.219+01:00  INFO 2600 --- [crystal-power-website] [  restartedMain] o.s.b.a.w.s.WelcomePageHandlerMapping    : Adding welcome page: class path resource [static/index.html]
2026-07-05T14:36:07.470+01:00  INFO 2600 --- [crystal-power-website] [  restartedMain] o.s.b.d.a.OptionalLiveReloadServer       : LiveReload server is running on port 35729
2026-07-05T14:36:07.531+01:00  INFO 2600 --- [crystal-power-website] [  restartedMain] o.s.b.w.embedded.tomcat.TomcatWebServer  : Tomcat started on port 8080 (http) with context path '/'
2026-07-05T14:36:07.553+01:00  INFO 2600 --- [crystal-power-website] [  restartedMain] c.c.website.CrystalPowerApplication      : Started CrystalPowerApplication in 3.548 seconds (process running for 4.547)
2026-07-05T14:36:26.149+01:00  INFO 2600 --- [crystal-power-website] [nio-8080-exec-3] o.a.c.c.C.[Tomcat].[localhost].[/]       : Initializing Spring DispatcherServlet 'dispatcherServlet'
2026-07-05T14:36:26.150+01:00  INFO 2600 --- [crystal-power-website] [nio-8080-exec-3] o.s.web.servlet.DispatcherServlet        : Initializing Servlet 'dispatcherServlet'
2026-07-05T14:36:26.153+01:00  INFO 2600 --- [crystal-power-website] [nio-8080-exec-3] o.s.web.servlet.DispatcherServlet        : Completed initialization in 1 ms
